// Jest Snapshot v1, https://goo.gl/fbAQLP

exports[`Vertical renders correctly 1`] = `
<div>
  <span>
    -&gt;
  </span>
  <a
    href="/category/1"
    onClick={[Function]}
  >
    <button
      className="btn"
    >
      cat1
    </button>
  </a>
  <ul>
    <li>
      <a
        href="/category/1/2"
        onClick={[Function]}
      >
        <button
          className="btn"
        >
          cat2
        </button>
      </a>
    </li>
    <li>
      <a
        href="/category/1/3"
        onClick={[Function]}
      >
        <button
          className="btn"
        >
          cat3
        </button>
      </a>
    </li>
  </ul>
</div>
`;
